xbox360.org
xbox.org
xbox360.com
xboxab.com
forzarc.com
orithegame.com
tellmewhygame.com
callersbane.com
xboxone.com
xboxplayanywhere.com
xboxlive.com
renovacionxboxlive.com
mojang.com
doom.com
asobostudio.com
forzaracingchampionship.com
minecraftshop.com
flightsimulator.com
minecraftservices.com
xboxservices.com
elderscrolls.com
bethesdagamestudios.com
xboxgamestudios.com
xboxstudios.com
gamepass.com
xboxgamepass.com
bethsoft.com
xbox.com
xboxlive.cn
xbox360.co
xboxone.co
xbox.co
beth.games
bethesda.net
forza.net
flightsimulator.azureedge.net
minecraft-services.net
prodforza.blob.core.windows.net
minecraft.net
forzamotorsport.net
xbox360.eu
xboxone.eu
xbox.eu
xbx.lv
